[debug] [2026-08-30T05:47:27.784Z] ----------------------------------------------------------------------
[debug] [2026-08-30T05:47:27.787Z] Command:       C:\Program Files\nodejs\node.exe C:\Users\rajes\AppData\Roaming\npm\node_modules\firebase-tools\lib\bin\firebase.js emulators:start --project=relay-dc0db --only firestore
[debug] [2026-08-30T05:47:27.788Z] CLI Version:   15.28.2
[debug] [2026-08-30T05:47:27.788Z] Platform:      win32
[debug] [2026-08-30T05:47:27.788Z] Node Version:  v24.12.0
[debug] [2026-08-30T05:47:27.788Z] Detected Agent: unknown
[debug] [2026-08-30T05:47:27.788Z] Time:          Sun Aug 30 2026 11:17:27 GMT+0530 (India Standard Time)
[debug] [2026-08-30T05:47:27.788Z] ----------------------------------------------------------------------
[debug] 
[debug] [2026-08-30T05:47:29.301Z] > command requires scopes: ["email","openid","https://www.googleapis.com/auth/cloudplatformprojects.readonly","https://www.googleapis.com/auth/firebase","https://www.googleapis.com/auth/cloud-platform"]
[debug] [2026-08-30T05:47:29.301Z] > authorizing via signed-in user (razeshmohanty007@gmail.com)
[debug] [2026-08-30T05:47:29.649Z] java version "26" 2026-03-17
Java(TM) SE Runtime Environment (build 26+35-2893)

[debug] [2026-08-30T05:47:29.649Z] Java HotSpot(TM) 64-Bit Server VM (build 26+35-2893, mixed mode, sharing)

[debug] [2026-08-30T05:47:29.663Z] Parsed Java major version: 26
[info] i  emulators: Starting emulators: firestore {"metadata":{"emulator":{"name":"hub"},"message":"Starting emulators: firestore"}}
[debug] [2026-08-30T05:47:29.680Z] [logging] Logging Emulator only supports listening on one address (127.0.0.1). Not listening on ::1
[debug] [2026-08-30T05:47:29.680Z] [firestore] Firestore Emulator only supports listening on one address (127.0.0.1). Not listening on ::1
[debug] [2026-08-30T05:47:29.680Z] [firestore.websocket] websocket server for firestore only supports listening on one address (127.0.0.1). Not listening on ::1
[debug] [2026-08-30T05:47:29.681Z] assigned listening specs for emulators {"user":{"hub":[{"address":"127.0.0.1","family":"IPv4","port":4400},{"address":"::1","family":"IPv6","port":4400}],"ui":[{"address":"127.0.0.1","family":"IPv4","port":4000},{"address":"::1","family":"IPv6","port":4000}],"logging":[{"address":"127.0.0.1","family":"IPv4","port":4500}],"firestore":[{"address":"127.0.0.1","family":"IPv4","port":8080}],"firestore.websocket":[{"address":"127.0.0.1","family":"IPv4","port":9150}]},"metadata":{"message":"assigned listening specs for emulators"}}
[debug] [2026-08-30T05:47:29.684Z] Write emulator hub locator at C:\Users\rajes\AppData\Local\Temp\hub-relay-dc0db.json
[info] i  firestore: downloading cloud-firestore-emulator-v1.22.0.jar... {"metadata":{"emulator":{"name":"firestore"},"message":"downloading cloud-firestore-emulator-v1.22.0.jar..."}}
[debug] [2026-08-30T05:47:29.718Z] >>> [apiv2][query] GET https://storage.googleapis.com/firebase-preview-drop/emulator/cloud-firestore-emulator-v1.22.0.jar 
[debug] [2026-08-30T05:47:30.285Z] <<< [apiv2][status] GET https://storage.googleapis.com/firebase-preview-drop/emulator/cloud-firestore-emulator-v1.22.0.jar 200
[debug] [2026-08-30T05:47:30.285Z] <<< [apiv2][body] GET https://storage.googleapis.com/firebase-preview-drop/emulator/cloud-firestore-emulator-v1.22.0.jar [stream]
[debug] [2026-08-30T05:48:11.993Z] Ignoring unsupported arg: auto_download {"metadata":{"emulator":{"name":"firestore"},"message":"Ignoring unsupported arg: auto_download"}}
[debug] [2026-08-30T05:48:11.993Z] Ignoring unsupported arg: single_project_mode_error {"metadata":{"emulator":{"name":"firestore"},"message":"Ignoring unsupported arg: single_project_mode_error"}}
[debug] [2026-08-30T05:48:11.993Z] Starting Firestore Emulator with command {"binary":"java","args":["-Dgoogle.cloud_firestore.debug_log_level=FINE","-Duser.language=en","-jar","C:\\Users\\rajes\\.cache\\firebase\\emulators\\cloud-firestore-emulator-v1.22.0.jar","--host","127.0.0.1","--port",8080,"--websocket_port",9150,"--database-edition","standard","--project_id","relay-dc0db","--rules","C:\\Users\\rajes\\Baby Moniter\\WebnD\\Avinya\\Relay\\firestore.rules","--single_project_mode",true],"optionalArgs":["port","webchannel_port","host","rules","websocket_port","database-edition","functions_emulator","seed_from_export","project_id","single_project_mode"],"joinArgs":false,"shell":false,"port":8080} {"metadata":{"emulator":{"name":"firestore"},"message":"Starting Firestore Emulator with command {\"binary\":\"java\",\"args\":[\"-Dgoogle.cloud_firestore.debug_log_level=FINE\",\"-Duser.language=en\",\"-jar\",\"C:\\\\Users\\\\rajes\\\\.cache\\\\firebase\\\\emulators\\\\cloud-firestore-emulator-v1.22.0.jar\",\"--host\",\"127.0.0.1\",\"--port\",8080,\"--websocket_port\",9150,\"--database-edition\",\"standard\",\"--project_id\",\"relay-dc0db\",\"--rules\",\"C:\\\\Users\\\\rajes\\\\Baby Moniter\\\\WebnD\\\\Avinya\\\\Relay\\\\firestore.rules\",\"--single_project_mode\",true],\"optionalArgs\":[\"port\",\"webchannel_port\",\"host\",\"rules\",\"websocket_port\",\"database-edition\",\"functions_emulator\",\"seed_from_export\",\"project_id\",\"single_project_mode\"],\"joinArgs\":false,\"shell\":false,\"port\":8080}"}}
[info] i  firestore: Firestore Emulator logging to firestore-debug.log {"metadata":{"emulator":{"name":"firestore"},"message":"Firestore Emulator logging to \u001b[1mfirestore-debug.log\u001b[22m"}}
[info] +  firestore: Firestore Emulator was started in standard edition. {"metadata":{"emulator":{"name":"firestore"},"message":"Firestore Emulator was started in standard edition."}}
[info] +  firestore: Firestore Emulator UI websocket is running on 9150. {"metadata":{"emulator":{"name":"firestore"},"message":"Firestore Emulator UI websocket is running on 9150."}}
[info] i  ui: downloading ui-v1.15.0.zip... {"metadata":{"emulator":{"name":"ui"},"message":"downloading ui-v1.15.0.zip..."}}
[debug] [2026-08-30T05:48:14.991Z] >>> [apiv2][query] GET https://storage.googleapis.com/firebase-preview-drop/emulator/ui-v1.15.0.zip 
[debug] [2026-08-30T05:48:15.349Z] <<< [apiv2][status] GET https://storage.googleapis.com/firebase-preview-drop/emulator/ui-v1.15.0.zip 200
[debug] [2026-08-30T05:48:15.349Z] <<< [apiv2][body] GET https://storage.googleapis.com/firebase-preview-drop/emulator/ui-v1.15.0.zip [stream]
[debug] [2026-08-30T05:48:17.475Z] Data is 3538469
[debug] [2026-08-30T05:48:17.476Z] [unzip] Entry: client/ (compressed_size=0 bytes, uncompressed_size=0 bytes)
[debug] [2026-08-30T05:48:17.476Z] [unzip] Processing entry: client\
[debug] [2026-08-30T05:48:17.476Z] [unzip] mkdir: C:\Users\rajes\.cache\firebase\emulators\ui-v1.15.0\client\
[debug] [2026-08-30T05:48:17.480Z] [unzip] Entry: client/favicon-16x16.png (compressed_size=293 bytes, uncompressed_size=293 bytes)
[debug] [2026-08-30T05:48:17.480Z] [unzip] Processing entry: client\favicon-16x16.png
[debug] [2026-08-30T05:48:17.480Z] [unzip] else mkdir: C:\Users\rajes\.cache\firebase\emulators\ui-v1.15.0\client
[debug] [2026-08-30T05:48:17.480Z] [unzip] Writing file: C:\Users\rajes\.cache\firebase\emulators\ui-v1.15.0\client\favicon-16x16.png
[debug] [2026-08-30T05:48:17.482Z] [unzip] Entry: client/safari-pinned-tab.svg (compressed_size=1433 bytes, uncompressed_size=2611 bytes)
[debug] [2026-08-30T05:48:17.482Z] [unzip] Processing entry: client\safari-pinned-tab.svg
[debug] [2026-08-30T05:48:17.482Z] [unzip] else mkdir: C:\Users\rajes\.cache\firebase\emulators\ui-v1.15.0\client
[debug] [2026-08-30T05:48:17.482Z] [unzip] deflating: C:\Users\rajes\.cache\firebase\emulators\ui-v1.15.0\client\safari-pinned-tab.svg
[debug] [2026-08-30T05:48:17.487Z] [unzip] Entry: client/favicon.ico (compressed_size=2933 bytes, uncompressed_size=13294 bytes)
[debug] [2026-08-30T05:48:17.487Z] [unzip] Processing entry: client\favicon.ico
[debug] [2026-08-30T05:48:17.487Z] [unzip] else mkdir: C:\Users\rajes\.cache\firebase\emulators\ui-v1.15.0\client
[debug] [2026-08-30T05:48:17.487Z] [unzip] deflating: C:\Users\rajes\.cache\firebase\emulators\ui-v1.15.0\client\favicon.ico
[debug] [2026-08-30T05:48:17.489Z] [unzip] Entry: client/index.html (compressed_size=1364 bytes, uncompressed_size=3071 bytes)
[debug] [2026-08-30T05:48:17.489Z] [unzip] Processing entry: client\index.html
[debug] [2026-08-30T05:48:17.489Z] [unzip] else mkdir: C:\Users\rajes\.cache\firebase\emulators\ui-v1.15.0\client
[debug] [2026-08-30T05:48:17.490Z] [unzip] deflating: C:\Users\rajes\.cache\firebase\emulators\ui-v1.15.0\client\index.html
[debug] [2026-08-30T05:48:17.492Z] [unzip] Entry: client/android-chrome-192x192.png (compressed_size=2684 bytes, uncompressed_size=2684 bytes)
[debug] [2026-08-30T05:48:17.492Z] [unzip] Processing entry: client\android-chrome-192x192.png
[debug] [2026-08-30T05:48:17.492Z] [unzip] else mkdir: C:\Users\rajes\.cache\firebase\emulators\ui-v1.15.0\client
[debug] [2026-08-30T05:48:17.492Z] [unzip] Writing file: C:\Users\rajes\.cache\firebase\emulators\ui-v1.15.0\client\android-chrome-192x192.png
[debug] [2026-08-30T05:48:17.493Z] [unzip] Entry: client/apple-touch-icon.png (compressed_size=2123 bytes, uncompressed_size=2152 bytes)
[debug] [2026-08-30T05:48:17.493Z] [unzip] Processing entry: client\apple-touch-icon.png
[debug] [2026-08-30T05:48:17.493Z] [unzip] else mkdir: C:\Users\rajes\.cache\firebase\emulators\ui-v1.15.0\client
[debug] [2026-08-30T05:48:17.494Z] [unzip] deflating: C:\Users\rajes\.cache\firebase\emulators\ui-v1.15.0\client\apple-touch-icon.png
[debug] [2026-08-30T05:48:17.496Z] [unzip] Entry: client/android-chrome-512x512.png (compressed_size=5369 bytes, uncompressed_size=5411 bytes)
[debug] [2026-08-30T05:48:17.496Z] [unzip] Processing entry: client\android-chrome-512x512.png
[debug] [2026-08-30T05:48:17.496Z] [unzip] else mkdir: C:\Users\rajes\.cache\firebase\emulators\ui-v1.15.0\client
[debug] [2026-08-30T05:48:17.497Z] [unzip] deflating: C:\Users\rajes\.cache\firebase\emulators\ui-v1.15.0\client\android-chrome-512x512.png
[debug] [2026-08-30T05:48:17.499Z] [unzip] Entry: client/manifest.json (compressed_size=245 bytes, uncompressed_size=551 bytes)
[debug] [2026-08-30T05:48:17.499Z] [unzip] Processing entry: client\manifest.json
[debug] [2026-08-30T05:48:17.499Z] [unzip] else mkdir: C:\Users\rajes\.cache\firebase\emulators\ui-v1.15.0\client
[debug] [2026-08-30T05:48:17.499Z] [unzip] deflating: C:\Users\rajes\.cache\firebase\emulators\ui-v1.15.0\client\manifest.json
[debug] [2026-08-30T05:48:17.501Z] [unzip] Entry: client/robots.txt (compressed_size=26 bytes, uncompressed_size=26 bytes)
[debug] [2026-08-30T05:48:17.501Z] [unzip] Processing entry: client\robots.txt
[debug] [2026-08-30T05:48:17.501Z] [unzip] else mkdir: C:\Users\rajes\.cache\firebase\emulators\ui-v1.15.0\client
[debug] [2026-08-30T05:48:17.502Z] [unzip] Writing file: C:\Users\rajes\.cache\firebase\emulators\ui-v1.15.0\client\robots.txt
[debug] [2026-08-30T05:48:17.503Z] [unzip] Entry: client/mstile-150x150.png (compressed_size=2034 bytes, uncompressed_size=2034 bytes)
[debug] [2026-08-30T05:48:17.503Z] [unzip] Processing entry: client\mstile-150x150.png
[debug] [2026-08-30T05:48:17.503Z] [unzip] else mkdir: C:\Users\rajes\.cache\firebase\emulators\ui-v1.15.0\client
[debug] [2026-08-30T05:48:17.503Z] [unzip] Writing file: C:\Users\rajes\.cache\firebase\emulators\ui-v1.15.0\client\mstile-150x150.png
[debug] [2026-08-30T05:48:17.504Z] [unzip] Entry: client/assets/ (compressed_size=0 bytes, uncompressed_size=0 bytes)
[debug] [2026-08-30T05:48:17.504Z] [unzip] Processing entry: client\assets\
[debug] [2026-08-30T05:48:17.504Z] [unzip] mkdir: C:\Users\rajes\.cache\firebase\emulators\ui-v1.15.0\client\assets\
[debug] [2026-08-30T05:48:17.505Z] [unzip] Entry: client/assets/index-BX-A56oj.js (compressed_size=582089 bytes, uncompressed_size=2092775 bytes)
[debug] [2026-08-30T05:48:17.505Z] [unzip] Processing entry: client\assets\index-BX-A56oj.js
[debug] [2026-08-30T05:48:17.505Z] [unzip] else mkdir: C:\Users\rajes\.cache\firebase\emulators\ui-v1.15.0\client\assets
[debug] [2026-08-30T05:48:17.505Z] [unzip] deflating: C:\Users\rajes\.cache\firebase\emulators\ui-v1.15.0\client\assets\index-BX-A56oj.js
[debug] [2026-08-30T05:48:17.520Z] [unzip] Entry: client/assets/index-CjB9C900.css (compressed_size=35979 bytes, uncompressed_size=298654 bytes)
[debug] [2026-08-30T05:48:17.520Z] [unzip] Processing entry: client\assets\index-CjB9C900.css
[debug] [2026-08-30T05:48:17.520Z] [unzip] else mkdir: C:\Users\rajes\.cache\firebase\emulators\ui-v1.15.0\client\assets
[debug] [2026-08-30T05:48:17.521Z] [unzip] deflating: C:\Users\rajes\.cache\firebase\emulators\ui-v1.15.0\client\assets\index-CjB9C900.css
[debug] [2026-08-30T05:48:17.524Z] [unzip] Entry: client/assets/index-BX-A56oj.js.map (compressed_size=2362482 bytes, uncompressed_size=10036679 bytes)
[debug] [2026-08-30T05:48:17.524Z] [unzip] Processing entry: client\assets\index-BX-A56oj.js.map
[debug] [2026-08-30T05:48:17.524Z] [unzip] else mkdir: C:\Users\rajes\.cache\firebase\emulators\ui-v1.15.0\client\assets
[debug] [2026-08-30T05:48:17.524Z] [unzip] deflating: C:\Users\rajes\.cache\firebase\emulators\ui-v1.15.0\client\assets\index-BX-A56oj.js.map
[debug] [2026-08-30T05:48:17.583Z] [unzip] Entry: client/assets/extensions/ (compressed_size=0 bytes, uncompressed_size=0 bytes)
[debug] [2026-08-30T05:48:17.583Z] [unzip] Processing entry: client\assets\extensions\
[debug] [2026-08-30T05:48:17.583Z] [unzip] mkdir: C:\Users\rajes\.cache\firebase\emulators\ui-v1.15.0\client\assets\extensions\
[debug] [2026-08-30T05:48:17.585Z] [unzip] Entry: client/assets/extensions/default-extension.png (compressed_size=1646 bytes, uncompressed_size=1657 bytes)
[debug] [2026-08-30T05:48:17.585Z] [unzip] Processing entry: client\assets\extensions\default-extension.png
[debug] [2026-08-30T05:48:17.585Z] [unzip] else mkdir: C:\Users\rajes\.cache\firebase\emulators\ui-v1.15.0\client\assets\extensions
[debug] [2026-08-30T05:48:17.586Z] [unzip] deflating: C:\Users\rajes\.cache\firebase\emulators\ui-v1.15.0\client\assets\extensions\default-extension.png
[debug] [2026-08-30T05:48:17.587Z] [unzip] Entry: client/assets/img/ (compressed_size=0 bytes, uncompressed_size=0 bytes)
[debug] [2026-08-30T05:48:17.587Z] [unzip] Processing entry: client\assets\img\
[debug] [2026-08-30T05:48:17.588Z] [unzip] mkdir: C:\Users\rajes\.cache\firebase\emulators\ui-v1.15.0\client\assets\img\
[debug] [2026-08-30T05:48:17.588Z] [unzip] Entry: client/assets/img/database.png (compressed_size=29449 bytes, uncompressed_size=29988 bytes)
[debug] [2026-08-30T05:48:17.588Z] [unzip] Processing entry: client\assets\img\database.png
[debug] [2026-08-30T05:48:17.588Z] [unzip] else mkdir: C:\Users\rajes\.cache\firebase\emulators\ui-v1.15.0\client\assets\img
[debug] [2026-08-30T05:48:17.589Z] [unzip] deflating: C:\Users\rajes\.cache\firebase\emulators\ui-v1.15.0\client\assets\img\database.png
[debug] [2026-08-30T05:48:17.590Z] [unzip] Entry: client/assets/provider-icons/ (compressed_size=0 bytes, uncompressed_size=0 bytes)
[debug] [2026-08-30T05:48:17.590Z] [unzip] Processing entry: client\assets\provider-icons\
[debug] [2026-08-30T05:48:17.590Z] [unzip] mkdir: C:\Users\rajes\.cache\firebase\emulators\ui-v1.15.0\client\assets\provider-icons\
[debug] [2026-08-30T05:48:17.590Z] [unzip] Entry: client/assets/provider-icons/auth_service_saml.svg (compressed_size=575 bytes, uncompressed_size=1226 bytes)
[debug] [2026-08-30T05:48:17.591Z] [unzip] Processing entry: client\assets\provider-icons\auth_service_saml.svg
[debug] [2026-08-30T05:48:17.591Z] [unzip] else mkdir: C:\Users\rajes\.cache\firebase\emulators\ui-v1.15.0\client\assets\provider-icons
[debug] [2026-08-30T05:48:17.591Z] [unzip] deflating: C:\Users\rajes\.cache\firebase\emulators\ui-v1.15.0\client\assets\provider-icons\auth_service_saml.svg
[debug] [2026-08-30T05:48:17.592Z] [unzip] Entry: client/assets/provider-icons/auth_service_phone.svg (compressed_size=261 bytes, uncompressed_size=414 bytes)
[debug] [2026-08-30T05:48:17.592Z] [unzip] Processing entry: client\assets\provider-icons\auth_service_phone.svg
[debug] [2026-08-30T05:48:17.592Z] [unzip] else mkdir: C:\Users\rajes\.cache\firebase\emulators\ui-v1.15.0\client\assets\provider-icons
[debug] [2026-08-30T05:48:17.593Z] [unzip] deflating: C:\Users\rajes\.cache\firebase\emulators\ui-v1.15.0\client\assets\provider-icons\auth_service_phone.svg
[debug] [2026-08-30T05:48:17.594Z] [unzip] Entry: client/assets/provider-icons/auth_service_facebook.svg (compressed_size=289 bytes, uncompressed_size=457 bytes)
[debug] [2026-08-30T05:48:17.594Z] [unzip] Processing entry: client\assets\provider-icons\auth_service_facebook.svg
[debug] [2026-08-30T05:48:17.594Z] [unzip] else mkdir: C:\Users\rajes\.cache\firebase\emulators\ui-v1.15.0\client\assets\provider-icons
[debug] [2026-08-30T05:48:17.595Z] [unzip] deflating: C:\Users\rajes\.cache\firebase\emulators\ui-v1.15.0\client\assets\provider-icons\auth_service_facebook.svg
[debug] [2026-08-30T05:48:17.597Z] [unzip] Entry: client/assets/provider-icons/auth_service_game_center.svg (compressed_size=991 bytes, uncompressed_size=3921 bytes)
[debug] [2026-08-30T05:48:17.597Z] [unzip] Processing entry: client\assets\provider-icons\auth_service_game_center.svg
[debug] [2026-08-30T05:48:17.597Z] [unzip] else mkdir: C:\Users\rajes\.cache\firebase\emulators\ui-v1.15.0\client\assets\provider-icons
[debug] [2026-08-30T05:48:17.597Z] [unzip] deflating: C:\Users\rajes\.cache\firebase\emulators\ui-v1.15.0\client\assets\provider-icons\auth_service_game_center.svg
[debug] [2026-08-30T05:48:17.599Z] [unzip] Entry: client/assets/provider-icons/auth_service_apple.svg (compressed_size=230 bytes, uncompressed_size=334 bytes)
[debug] [2026-08-30T05:48:17.599Z] [unzip] Processing entry: client\assets\provider-icons\auth_service_apple.svg
[debug] [2026-08-30T05:48:17.599Z] [unzip] else mkdir: C:\Users\rajes\.cache\firebase\emulators\ui-v1.15.0\client\assets\provider-icons
[debug] [2026-08-30T05:48:17.599Z] [unzip] deflating: C:\Users\rajes\.cache\firebase\emulators\ui-v1.15.0\client\assets\provider-icons\auth_service_apple.svg
[debug] [2026-08-30T05:48:17.600Z] [unzip] Entry: client/assets/provider-icons/auth_service_github.svg (compressed_size=466 bytes, uncompressed_size=838 bytes)
[debug] [2026-08-30T05:48:17.601Z] [unzip] Processing entry: client\assets\provider-icons\auth_service_github.svg
[debug] [2026-08-30T05:48:17.601Z] [unzip] else mkdir: C:\Users\rajes\.cache\firebase\emulators\ui-v1.15.0\client\assets\provider-icons
[debug] [2026-08-30T05:48:17.601Z] [unzip] deflating: C:\Users\rajes\.cache\firebase\emulators\ui-v1.15.0\client\assets\provider-icons\auth_service_github.svg
[debug] [2026-08-30T05:48:17.602Z] [unzip] Entry: client/assets/provider-icons/auth_service_mslive.svg (compressed_size=203 bytes, uncompressed_size=378 bytes)
[debug] [2026-08-30T05:48:17.602Z] [unzip] Processing entry: client\assets\provider-icons\auth_service_mslive.svg
[debug] [2026-08-30T05:48:17.602Z] [unzip] else mkdir: C:\Users\rajes\.cache\firebase\emulators\ui-v1.15.0\client\assets\provider-icons
[debug] [2026-08-30T05:48:17.603Z] [unzip] deflating: C:\Users\rajes\.cache\firebase\emulators\ui-v1.15.0\client\assets\provider-icons\auth_service_mslive.svg
[debug] [2026-08-30T05:48:17.604Z] [unzip] Entry: client/assets/provider-icons/auth_service_yahoo.svg (compressed_size=577 bytes, uncompressed_size=1182 bytes)
[debug] [2026-08-30T05:48:17.604Z] [unzip] Processing entry: client\assets\provider-icons\auth_service_yahoo.svg
[debug] [2026-08-30T05:48:17.604Z] [unzip] else mkdir: C:\Users\rajes\.cache\firebase\emulators\ui-v1.15.0\client\assets\provider-icons
[debug] [2026-08-30T05:48:17.605Z] [unzip] deflating: C:\Users\rajes\.cache\firebase\emulators\ui-v1.15.0\client\assets\provider-icons\auth_service_yahoo.svg
[debug] [2026-08-30T05:48:17.606Z] [unzip] Entry: client/assets/provider-icons/auth_service_twitter.svg (compressed_size=444 bytes, uncompressed_size=751 bytes)
[debug] [2026-08-30T05:48:17.606Z] [unzip] Processing entry: client\assets\provider-icons\auth_service_twitter.svg
[debug] [2026-08-30T05:48:17.606Z] [unzip] else mkdir: C:\Users\rajes\.cache\firebase\emulators\ui-v1.15.0\client\assets\provider-icons
[debug] [2026-08-30T05:48:17.606Z] [unzip] deflating: C:\Users\rajes\.cache\firebase\emulators\ui-v1.15.0\client\assets\provider-icons\auth_service_twitter.svg
[debug] [2026-08-30T05:48:17.607Z] [unzip] Entry: client/assets/provider-icons/auth_service_play_games.svg (compressed_size=565 bytes, uncompressed_size=1173 bytes)
[debug] [2026-08-30T05:48:17.607Z] [unzip] Processing entry: client\assets\provider-icons\auth_service_play_games.svg
[debug] [2026-08-30T05:48:17.607Z] [unzip] else mkdir: C:\Users\rajes\.cache\firebase\emulators\ui-v1.15.0\client\assets\provider-icons
[debug] [2026-08-30T05:48:17.608Z] [unzip] deflating: C:\Users\rajes\.cache\firebase\emulators\ui-v1.15.0\client\assets\provider-icons\auth_service_play_games.svg
[debug] [2026-08-30T05:48:17.609Z] [unzip] Entry: client/assets/provider-icons/auth_service_email.svg (compressed_size=228 bytes, uncompressed_size=326 bytes)
[debug] [2026-08-30T05:48:17.609Z] [unzip] Processing entry: client\assets\provider-icons\auth_service_email.svg
[debug] [2026-08-30T05:48:17.609Z] [unzip] else mkdir: C:\Users\rajes\.cache\firebase\emulators\ui-v1.15.0\client\assets\provider-icons
[debug] [2026-08-30T05:48:17.609Z] [unzip] deflating: C:\Users\rajes\.cache\firebase\emulators\ui-v1.15.0\client\assets\provider-icons\auth_service_email.svg
[debug] [2026-08-30T05:48:17.611Z] [unzip] Entry: client/assets/provider-icons/auth_service_google.svg (compressed_size=409 bytes, uncompressed_size=720 bytes)
[debug] [2026-08-30T05:48:17.611Z] [unzip] Processing entry: client\assets\provider-icons\auth_service_google.svg
[debug] [2026-08-30T05:48:17.611Z] [unzip] else mkdir: C:\Users\rajes\.cache\firebase\emulators\ui-v1.15.0\client\assets\provider-icons
[debug] [2026-08-30T05:48:17.611Z] [unzip] deflating: C:\Users\rajes\.cache\firebase\emulators\ui-v1.15.0\client\assets\provider-icons\auth_service_google.svg
[debug] [2026-08-30T05:48:17.613Z] [unzip] Entry: client/assets/provider-icons/auth_service_oidc.svg (compressed_size=414 bytes, uncompressed_size=858 bytes)
[debug] [2026-08-30T05:48:17.613Z] [unzip] Processing entry: client\assets\provider-icons\auth_service_oidc.svg
[debug] [2026-08-30T05:48:17.613Z] [unzip] else mkdir: C:\Users\rajes\.cache\firebase\emulators\ui-v1.15.0\client\assets\provider-icons
[debug] [2026-08-30T05:48:17.614Z] [unzip] deflating: C:\Users\rajes\.cache\firebase\emulators\ui-v1.15.0\client\assets\provider-icons\auth_service_oidc.svg
[debug] [2026-08-30T05:48:17.615Z] [unzip] Entry: client/browserconfig.xml (compressed_size=491 bytes, uncompressed_size=822 bytes)
[debug] [2026-08-30T05:48:17.616Z] [unzip] Processing entry: client\browserconfig.xml
[debug] [2026-08-30T05:48:17.616Z] [unzip] else mkdir: C:\Users\rajes\.cache\firebase\emulators\ui-v1.15.0\client
[debug] [2026-08-30T05:48:17.616Z] [unzip] deflating: C:\Users\rajes\.cache\firebase\emulators\ui-v1.15.0\client\browserconfig.xml
[debug] [2026-08-30T05:48:17.617Z] [unzip] Entry: client/favicon-32x32.png (compressed_size=475 bytes, uncompressed_size=475 bytes)
[debug] [2026-08-30T05:48:17.617Z] [unzip] Processing entry: client\favicon-32x32.png
[debug] [2026-08-30T05:48:17.617Z] [unzip] else mkdir: C:\Users\rajes\.cache\firebase\emulators\ui-v1.15.0\client
[debug] [2026-08-30T05:48:17.618Z] [unzip] Writing file: C:\Users\rajes\.cache\firebase\emulators\ui-v1.15.0\client\favicon-32x32.png
[debug] [2026-08-30T05:48:17.618Z] [unzip] Entry: server/ (compressed_size=0 bytes, uncompressed_size=0 bytes)
[debug] [2026-08-30T05:48:17.619Z] [unzip] Processing entry: server\
[debug] [2026-08-30T05:48:17.619Z] [unzip] mkdir: C:\Users\rajes\.cache\firebase\emulators\ui-v1.15.0\server\
[debug] [2026-08-30T05:48:17.619Z] [unzip] Entry: server/server.mjs.map (compressed_size=217845 bytes, uncompressed_size=944978 bytes)
[debug] [2026-08-30T05:48:17.619Z] [unzip] Processing entry: server\server.mjs.map
[debug] [2026-08-30T05:48:17.619Z] [unzip] else mkdir: C:\Users\rajes\.cache\firebase\emulators\ui-v1.15.0\server
[debug] [2026-08-30T05:48:17.619Z] [unzip] deflating: C:\Users\rajes\.cache\firebase\emulators\ui-v1.15.0\server\server.mjs.map
[debug] [2026-08-30T05:48:17.626Z] [unzip] Entry: server/server.mjs (compressed_size=276407 bytes, uncompressed_size=933701 bytes)
[debug] [2026-08-30T05:48:17.626Z] [unzip] Processing entry: server\server.mjs
[debug] [2026-08-30T05:48:17.626Z] [unzip] else mkdir: C:\Users\rajes\.cache\firebase\emulators\ui-v1.15.0\server
[debug] [2026-08-30T05:48:17.627Z] [unzip] deflating: C:\Users\rajes\.cache\firebase\emulators\ui-v1.15.0\server\server.mjs
[debug] [2026-08-30T05:48:17.649Z] Could not find VSCode notification endpoint: TypeError: fetch failed. If you are not running the Firebase SQL Connect VSCode extension, this is expected and not an issue.
[info] 
┌─────────────────────────────────────────────────────────────┐
│ ✔  All emulators ready! It is now safe to connect your app. │
│ i  View Emulator UI at http://127.0.0.1:4000/               │
└─────────────────────────────────────────────────────────────┘

┌───────────┬────────────────┬─────────────────────────────────┐
│ Emulator  │ Host:Port      │ View in Emulator UI             │
├───────────┼────────────────┼─────────────────────────────────┤
│ Firestore │ 127.0.0.1:8080 │ http://127.0.0.1:4000/firestore │
└───────────┴────────────────┴─────────────────────────────────┘
  Emulator Hub host: 127.0.0.1 port: 4400
  Other reserved ports: 4500, 9150

Issues? Report them at https://github.com/firebase/firebase-tools/issues and attach the *-debug.log files.
 
